// Jest Snapshot v1, https://goo.gl/fbAQLP

exports[`should render MoviesPage component and match snapshot 1`] = `
<DocumentFragment>
  <p>
    Loading...
  </p>
</DocumentFragment>
`;
