// Jest Snapshot v1, https://goo.gl/fbAQLP

exports[`should render MoviePopUp component and match snapshot 1`] = `<DocumentFragment />`;
