// Jest Snapshot v1, https://goo.gl/fbAQLP

exports[`should render App component and match snapshot 1`] = `
<DocumentFragment>
  <div
    class="MuiPaper-root MuiPaper-elevation MuiPaper-rounded MuiPaper-elevation1 MuiCard-root css-bhp9pd-MuiPaper-root-MuiCard-root"
    style="height: 700px; display: flex; flex-direction: column;"
  >
    <div
      class="MuiCardHeader-root css-185gdzj-MuiCardHeader-root"
    >
      <div
        class="MuiCardHeader-content css-1qbkelo-MuiCardHeader-content"
      >
        <span
          class="MuiTypography-root MuiTypography-h5 MuiCardHeader-title css-1qvr50w-MuiTypography-root"
        >
          After Everything
        </span>
        <span
          class="MuiTypography-root MuiTypography-body1 MuiCardHeader-subheader css-nrdprl-MuiTypography-root"
        >
          2023-09-13
        </span>
      </div>
    </div>
    <img
      alt="After Everything"
      class="MuiCardMedia-root MuiCardMedia-media MuiCardMedia-img css-o69gx8-MuiCardMedia-root"
      height="400"
      src="https://image.tmdb.org/t/p/original/uQxjZGU6rxSPSMeAJPJQlmfV3ys.jpg"
    />
    <div
      class="MuiCardContent-root css-46bh2p-MuiCardContent-root"
    >
      <p
        class="MuiTypography-root MuiTypography-body2 css-r40f8v-MuiTypography-root"
      >
        Besieged by writer’s block and the crushing breakup with Tessa, Hardin travels to Portugal in search of a woman he wronged in the past – and to find himself. Hoping to win back Tessa, he realizes he needs to change ...
      </p>
    </div>
    <div
      class="MuiBox-root css-i9gxme"
    />
    <div
      class="MuiCardActions-root css-1rwjz6-MuiCardActions-root"
    >
      <a
        data-testid="card-check"
        href="/movie/1"
      >
        <button
          class="MuiButtonBase-root MuiButton-root MuiButton-text MuiButton-textPrimary MuiButton-sizeMedium MuiButton-textSizeMedium MuiButton-root MuiButton-text MuiButton-textPrimary MuiButton-sizeMedium MuiButton-textSizeMedium css-1e6y48t-MuiButtonBase-root-MuiButton-root"
          tabindex="0"
          type="button"
        >
          Check
          <span
            class="MuiTouchRipple-root css-8je8zh-MuiTouchRipple-root"
          />
        </button>
      </a>
    </div>
  </div>
</DocumentFragment>
`;
