// Jest Snapshot v1, https://goo.gl/fbAQLP

exports[`should render App component and match snapshot 1`] = `
<DocumentFragment>
  <div
    class="sc-beyTiQ gTXsYb"
  >
    <nav
      aria-label="pagination navigation"
      class="MuiPagination-root MuiPagination-text css-1oj2twp-MuiPagination-root"
    >
      <ul
        class="MuiPagination-ul css-wjh20t-MuiPagination-ul"
      >
        <li>
          <button
            aria-label="Go to first page"
            class="MuiButtonBase-root MuiPaginationItem-root MuiPaginationItem-sizeLarge MuiPaginationItem-text MuiPaginationItem-circular MuiPaginationItem-textPrimary MuiPaginationItem-firstLast css-bf9wz-MuiButtonBase-root-MuiPaginationItem-root"
            tabindex="0"
            type="button"
          >
            <svg
              aria-hidden="true"
              class="MuiSvgIcon-root MuiSvgIcon-fontSizeMedium MuiPaginationItem-icon css-n8417t-MuiSvgIcon-root-MuiPaginationItem-icon"
              data-testid="FirstPageIcon"
              focusable="false"
              viewBox="0 0 24 24"
            >
              <path
                d="M18.41 16.59L13.82 12l4.59-4.59L17 6l-6 6 6 6zM6 6h2v12H6z"
              />
            </svg>
            <span
              class="MuiTouchRipple-root css-8je8zh-MuiTouchRipple-root"
            />
          </button>
        </li>
        <li>
          <button
            aria-label="Go to previous page"
            class="MuiButtonBase-root MuiPaginationItem-root MuiPaginationItem-sizeLarge MuiPaginationItem-text MuiPaginationItem-circular MuiPaginationItem-textPrimary MuiPaginationItem-previousNext css-bf9wz-MuiButtonBase-root-MuiPaginationItem-root"
            tabindex="0"
            type="button"
          >
            <svg
              aria-hidden="true"
              class="MuiSvgIcon-root MuiSvgIcon-fontSizeMedium MuiPaginationItem-icon css-n8417t-MuiSvgIcon-root-MuiPaginationItem-icon"
              data-testid="NavigateBeforeIcon"
              focusable="false"
              viewBox="0 0 24 24"
            >
              <path
                d="M15.41 7.41L14 6l-6 6 6 6 1.41-1.41L10.83 12z"
              />
            </svg>
            <span
              class="MuiTouchRipple-root css-8je8zh-MuiTouchRipple-root"
            />
          </button>
        </li>
        <li>
          <button
            aria-label="Go to page 1"
            class="MuiButtonBase-root MuiPaginationItem-root MuiPaginationItem-sizeLarge MuiPaginationItem-text MuiPaginationItem-circular MuiPaginationItem-textPrimary MuiPaginationItem-page css-bf9wz-MuiButtonBase-root-MuiPaginationItem-root"
            tabindex="0"
            type="button"
          >
            1
            <span
              class="MuiTouchRipple-root css-8je8zh-MuiTouchRipple-root"
            />
          </button>
        </li>
        <li>
          <button
            aria-current="true"
            aria-label="page 2"
            class="MuiButtonBase-root MuiPaginationItem-root MuiPaginationItem-sizeLarge MuiPaginationItem-text MuiPaginationItem-circular MuiPaginationItem-textPrimary Mui-selected MuiPaginationItem-page css-bf9wz-MuiButtonBase-root-MuiPaginationItem-root"
            tabindex="0"
            type="button"
          >
            2
            <span
              class="MuiTouchRipple-root css-8je8zh-MuiTouchRipple-root"
            />
          </button>
        </li>
        <li>
          <button
            aria-label="Go to page 3"
            class="MuiButtonBase-root MuiPaginationItem-root MuiPaginationItem-sizeLarge MuiPaginationItem-text MuiPaginationItem-circular MuiPaginationItem-textPrimary MuiPaginationItem-page css-bf9wz-MuiButtonBase-root-MuiPaginationItem-root"
            tabindex="0"
            type="button"
          >
            3
            <span
              class="MuiTouchRipple-root css-8je8zh-MuiTouchRipple-root"
            />
          </button>
        </li>
        <li>
          <button
            aria-label="Go to page 4"
            class="MuiButtonBase-root MuiPaginationItem-root MuiPaginationItem-sizeLarge MuiPaginationItem-text MuiPaginationItem-circular MuiPaginationItem-textPrimary MuiPaginationItem-page css-bf9wz-MuiButtonBase-root-MuiPaginationItem-root"
            tabindex="0"
            type="button"
          >
            4
            <span
              class="MuiTouchRipple-root css-8je8zh-MuiTouchRipple-root"
            />
          </button>
        </li>
        <li>
          <button
            aria-label="Go to page 5"
            class="MuiButtonBase-root MuiPaginationItem-root MuiPaginationItem-sizeLarge MuiPaginationItem-text MuiPaginationItem-circular MuiPaginationItem-textPrimary MuiPaginationItem-page css-bf9wz-MuiButtonBase-root-MuiPaginationItem-root"
            tabindex="0"
            type="button"
          >
            5
            <span
              class="MuiTouchRipple-root css-8je8zh-MuiTouchRipple-root"
            />
          </button>
        </li>
        <li>
          <div
            class="MuiPaginationItem-root MuiPaginationItem-sizeLarge MuiPaginationItem-text MuiPaginationItem-circular MuiPaginationItem-textPrimary MuiPaginationItem-ellipsis css-1scal0h-MuiPaginationItem-root"
          >
            â€¦
          </div>
        </li>
        <li>
          <button
            aria-label="Go to page 20"
            class="MuiButtonBase-root MuiPaginationItem-root MuiPaginationItem-sizeLarge MuiPaginationItem-text MuiPaginationItem-circular MuiPaginationItem-textPrimary MuiPaginationItem-page css-bf9wz-MuiButtonBase-root-MuiPaginationItem-root"
            tabindex="0"
            type="button"
          >
            20
            <span
              class="MuiTouchRipple-root css-8je8zh-MuiTouchRipple-root"
            />
          </button>
        </li>
        <li>
          <button
            aria-label="Go to next page"
            class="MuiButtonBase-root MuiPaginationItem-root MuiPaginationItem-sizeLarge MuiPaginationItem-text MuiPaginationItem-circular MuiPaginationItem-textPrimary MuiPaginationItem-previousNext css-bf9wz-MuiButtonBase-root-MuiPaginationItem-root"
            tabindex="0"
            type="button"
          >
            <svg
              aria-hidden="true"
              class="MuiSvgIcon-root MuiSvgIcon-fontSizeMedium MuiPaginationItem-icon css-n8417t-MuiSvgIcon-root-MuiPaginationItem-icon"
              data-testid="NavigateNextIcon"
              focusable="false"
              viewBox="0 0 24 24"
            >
              <path
                d="M10 6L8.59 7.41 13.17 12l-4.58 4.59L10 18l6-6z"
              />
            </svg>
            <span
              class="MuiTouchRipple-root css-8je8zh-MuiTouchRipple-root"
            />
          </button>
        </li>
        <li>
          <button
            aria-label="Go to last page"
            class="MuiButtonBase-root MuiPaginationItem-root MuiPaginationItem-sizeLarge MuiPaginationItem-text MuiPaginationItem-circular MuiPaginationItem-textPrimary MuiPaginationItem-firstLast css-bf9wz-MuiButtonBase-root-MuiPaginationItem-root"
            tabindex="0"
            type="button"
          >
            <svg
              aria-hidden="true"
              class="MuiSvgIcon-root MuiSvgIcon-fontSizeMedium MuiPaginationItem-icon css-n8417t-MuiSvgIcon-root-MuiPaginationItem-icon"
              data-testid="LastPageIcon"
              focusable="false"
              viewBox="0 0 24 24"
            >
              <path
                d="M5.59 7.41L10.18 12l-4.59 4.59L7 18l6-6-6-6zM16 6h2v12h-2z"
              />
            </svg>
            <span
              class="MuiTouchRipple-root css-8je8zh-MuiTouchRipple-root"
            />
          </button>
        </li>
      </ul>
    </nav>
  </div>
</DocumentFragment>
`;
